error: ./test/datalog_tests/function.fail.dl:3:5-3:10: Variable declaration is not allowed in this context

error: :1:1-1:1: Missing field f2 in constructor C

error: ./test/datalog_tests/function.fail.dl:11:17-11:18: Variable v already defined in this scope

error: ./test/datalog_tests/function.fail.dl:7:5-7:11: Variable v already defined in this scope

./test/datalog_tests/function.fail.dl:3:24-4:22: Conflicting definitions of constructor None found in the following modules: lib/std.dl, ./test/datalog_tests/function.fail.dl

error: ./test/datalog_tests/function.fail.dl:5:1-9:1: Recursive function definition: f1->f2->f1

./test/datalog_tests/function.fail.dl:3:24-4:22: Conflicting definitions of constructor None found in the following modules: lib/std.dl, ./test/datalog_tests/function.fail.dl

./test/datalog_tests/function.fail.dl:3:24-4:22: Conflicting definitions of constructor None found in the following modules: lib/std.dl, ./test/datalog_tests/function.fail.dl

Failed to parse input file: "./test/datalog_tests/function.fail.dl" (line 5, column 1):
unexpected "f"
expecting "="

error: ./test/datalog_tests/function.fail.dl:4:5-4:6: Expression is not a struct
