AggAllocatedTunKeys:
AggAllocatedTunKeys{std_Set { x: {1} }}

AggNotYetAllocatedTunKeys:
AggNotYetAllocatedTunKeys{std_Vec { x: ["906d1cfd-7661-a2a0-a24c-a17e7ccfa206"] }}

AllocatedTunKeys:
AllocatedTunKeys{"06a2cf7c-7ea1-4ca2-a0a2_6176fd1c6d12",1}

NotYetAllocatedTunKeys:
NotYetAllocatedTunKeys{"906d1cfd-7661-a2a0-a24c-a17e7ccfa206"}

OVN_Southbound_DeltaMinus_Datapath_Binding:
OVN_Southbound.DeltaMinus_Datapath_Binding{8820728388062355172047994593891609873}

OVN_Southbound_DeltaPlus_Datapath_Binding:
OVN_Southbound.DeltaPlus_Datapath_Binding{"906d1cfd-7661-a2a0-a24c-a17e7ccfa206",2,std_Map { x: {"logical-switch": "906d1cfd-7661-a2a0-a24c-a17e7ccfa206", "name": "ls1", "name2": "neutron_network_1"} }}

OVN_Southbound_DeltaPlus_Meter:
OVN_Southbound.DeltaPlus_Meter{"meter1","kbps",std_Set { x: {std.Right{"956d1cfd-7661-a2a0-a24c-a17e7ccfa206"}} }}

OVN_Southbound_DeltaPlus_Meter_Band:
OVN_Southbound.DeltaPlus_Meter_Band{"956d1cfd-7661-a2a0-a24c-a17e7ccfa206","drop",1000,0}

TunKeyAllocation:
TunKeyAllocation{"06a2cf7c-7ea1-4ca2-a0a2_6176fd1c6d12",1}
TunKeyAllocation{"906d1cfd-7661-a2a0-a24c-a17e7ccfa206",2}

